[   60114ms] [ERROR] Failed to load resource: the server responded with a status of 500 (Internal Server Error) @ http://localhost:3000/dashboard:0
[   60164ms] [INFO] %cDownload the React DevTools for a better development experience: https://react.dev/link/react-devtools font-weight:bold @ http://localhost:3000/_next/static/chunks/node_modules_next_dist_115brz8._.js:2477
[   60196ms] [LOG] [HMR] connected @ http://localhost:3000/_next/static/chunks/node_modules_next_dist_115brz8._.js:2477
[   60207ms] [ERROR] Encountered a script tag while rendering React component. Scripts inside React components are never executed when rendering on the client. Consider using template tag instead (https://developer.mozilla.org/en-US/docs/Web/HTML/Element/template). @ http://localhost:3000/_next/static/chunks/node_modules_next_dist_115brz8._.js:3318
[   60254ms] PrismaClientKnownRequestError: 
Invalid `__TURBOPACK__imported__module__$5b$project$5d2f$src$2f$server$2f$db$2f$prisma$2e$ts__$5b$app$2d$rsc$5d$__$28$ecmascript$29$__["prisma"].roadmapTemplate.findFirst()` invocation in
/Users/maivandrahmani/Desktop/dev-projects/english-OS/.next/dev/server/chunks/ssr/[root-of-the-server]__02jua8j._.js:147:164

  144 if (!__TURBOPACK__imported__module__$5b$project$5d2f$src$2f$server$2f$db$2f$prisma$2e$ts__$5b$app$2d$rsc$5d$__$28$ecmascript$29$__["prisma"]) {
  145     return Promise.resolve(null);
  146 }
→ 147 return __TURBOPACK__imported__module__$5b$project$5d2f$src$2f$server$2f$db$2f$prisma$2e$ts__$5b$app$2d$rsc$5d$__$28$ecmascript$29$__["prisma"].roadmapTemplate.findFirst(
Server has closed the connection.
    at Promise.all (<anonymous>:1:20)
    at getDashboardState (about://React/Server/file:///Users/maivandrahmani/Desktop/dev-projects/english-OS/.next/dev/server/chunks/ssr/%5Broot-of-the-server%5D__02jua8j._.js?0:30:33)
    at DashboardPage (about://React/Server/file:///Users/maivandrahmani/Desktop/dev-projects/english-OS/.next/dev/server/chunks/ssr/%5Broot-of-the-server%5D__02jua8j._.js?1:365:28)
    at resolveErrorDev (http://localhost:3000/_next/static/chunks/node_modules_next_dist_compiled_react-server-dom-turbopack_0p3wegg._.js:1919:105)
    at processFullStringRow (http://localhost:3000/_next/static/chunks/node_modules_next_dist_compiled_react-server-dom-turbopack_0p3wegg._.js:2434:29)
    at processFullBinaryRow (http://localhost:3000/_next/static/chunks/node_modules_next_dist_compiled_react-server-dom-turbopack_0p3wegg._.js:2393:9)
    at processBinaryChunk (http://localhost:3000/_next/static/chunks/node_modules_next_dist_compiled_react-server-dom-turbopack_0p3wegg._.js:2502:221)
    at progress (http://localhost:3000/_next/static/chunks/node_modules_next_dist_compiled_react-server-dom-turbopack_0p3wegg._.js:2689:13)
[   60243ms] [ERROR] Failed to load resource: the server responded with a status of 404 (Not Found) @ http://localhost:3000/favicon.ico:0
